runtime: warning: IsLongPathAwareProcess failed to enable long paths; proceeding in fixup mode
runtime: warning: IsLongPathAwareProcess failed to enable long paths; proceeding in fixup mode
[2m14:04:10[22m [31m[1m[vite][22m[39m [31mInternal server error: Failed to resolve import "../components/dashboard/WorkbenchDomainsPanel" from "src/pages/Dashboard.tsx". Does the file exist?[39m
  Plugin: [35mvite:import-analysis[39m
  File: [36mF:/kelaode/Data/Agents/zhongji8633/wudi8633/frontend/src/pages/Dashboard.tsx[39m:43:38
[33m  31 |  import { DiscussionLoopCard } from "../components/dashboard/DiscussionLoopCard";
  32 |  import { SkillGeneratedCard } from "../components/dashboard/SkillGeneratedCard";
  33 |  import { WorkbenchDomainsPanel } from "../components/dashboard/WorkbenchDomainsPanel";
     |                                         ^
  34 |  import "./Dashboard.css";
  35 |  export function Dashboard() {[39m
      at TransformPluginContext._formatError (file:///f:/kelaode/Data/Agents/zhongji8633/wudi8633/frontend/node_modules/vite/dist/node/chunks/dep-BK3b2jBa.js:49258:41)
      at TransformPluginContext.error (file:///f:/kelaode/Data/Agents/zhongji8633/wudi8633/frontend/node_modules/vite/dist/node/chunks/dep-BK3b2jBa.js:49253:16)
      at normalizeUrl (file:///f:/kelaode/Data/Agents/zhongji8633/wudi8633/frontend/node_modules/vite/dist/node/chunks/dep-BK3b2jBa.js:64307:23)
      at process.processTicksAndRejections (node:internal/process/task_queues:103:5)
      at async file:///f:/kelaode/Data/Agents/zhongji8633/wudi8633/frontend/node_modules/vite/dist/node/chunks/dep-BK3b2jBa.js:64439:39
      at async Promise.all (index 18)
      at async TransformPluginContext.transform (file:///f:/kelaode/Data/Agents/zhongji8633/wudi8633/frontend/node_modules/vite/dist/node/chunks/dep-BK3b2jBa.js:64366:7)
      at async PluginContainer.transform (file:///f:/kelaode/Data/Agents/zhongji8633/wudi8633/frontend/node_modules/vite/dist/node/chunks/dep-BK3b2jBa.js:49099:18)
      at async loadAndTransform (file:///f:/kelaode/Data/Agents/zhongji8633/wudi8633/frontend/node_modules/vite/dist/node/chunks/dep-BK3b2jBa.js:51978:27)
[2m14:04:10[22m [31m[1m[vite][22m[39m [31mInternal server error: Failed to resolve import "../components/dashboard/WorkbenchDomainsPanel" from "src/pages/Dashboard.tsx". Does the file exist?[39m
  Plugin: [35mvite:import-analysis[39m
  File: [36mF:/kelaode/Data/Agents/zhongji8633/wudi8633/frontend/src/pages/Dashboard.tsx[39m:43:38
[33m  31 |  import { DiscussionLoopCard } from "../components/dashboard/DiscussionLoopCard";
  32 |  import { SkillGeneratedCard } from "../components/dashboard/SkillGeneratedCard";
  33 |  import { WorkbenchDomainsPanel } from "../components/dashboard/WorkbenchDomainsPanel";
     |                                         ^
  34 |  import "./Dashboard.css";
  35 |  export function Dashboard() {[39m
      at TransformPluginContext._formatError (file:///f:/kelaode/Data/Agents/zhongji8633/wudi8633/frontend/node_modules/vite/dist/node/chunks/dep-BK3b2jBa.js:49258:41)
      at TransformPluginContext.error (file:///f:/kelaode/Data/Agents/zhongji8633/wudi8633/frontend/node_modules/vite/dist/node/chunks/dep-BK3b2jBa.js:49253:16)
      at normalizeUrl (file:///f:/kelaode/Data/Agents/zhongji8633/wudi8633/frontend/node_modules/vite/dist/node/chunks/dep-BK3b2jBa.js:64307:23)
      at process.processTicksAndRejections (node:internal/process/task_queues:103:5)
      at async file:///f:/kelaode/Data/Agents/zhongji8633/wudi8633/frontend/node_modules/vite/dist/node/chunks/dep-BK3b2jBa.js:64439:39
      at async Promise.all (index 18)
      at async TransformPluginContext.transform (file:///f:/kelaode/Data/Agents/zhongji8633/wudi8633/frontend/node_modules/vite/dist/node/chunks/dep-BK3b2jBa.js:64366:7)
      at async PluginContainer.transform (file:///f:/kelaode/Data/Agents/zhongji8633/wudi8633/frontend/node_modules/vite/dist/node/chunks/dep-BK3b2jBa.js:49099:18)
      at async loadAndTransform (file:///f:/kelaode/Data/Agents/zhongji8633/wudi8633/frontend/node_modules/vite/dist/node/chunks/dep-BK3b2jBa.js:51978:27)
runtime: warning: IsLongPathAwareProcess failed to enable long paths; proceeding in fixup mode
[2m16:50:09[22m [31m[1m[vite][22m[39m [31mInternal server error: Failed to resolve import "../api" from "src/components/study/StudyShelfView.tsx". Does the file exist?[39m
  Plugin: [35mvite:import-analysis[39m
  File: [36mF:/kelaode/Data/Agents/zhongji8633/wudi8633/frontend/src/components/study/StudyShelfView.tsx[39m:22:7
[33m  24 |    getBookDashboard,
  25 |    createStudyMaterial
  26 |  } from "../api";
     |          ^
  27 |  export function StudyShelfView() {
  28 |    _s();[39m
      at TransformPluginContext._formatError (file:///f:/kelaode/Data/Agents/zhongji8633/wudi8633/frontend/node_modules/vite/dist/node/chunks/dep-BK3b2jBa.js:49258:41)
      at TransformPluginContext.error (file:///f:/kelaode/Data/Agents/zhongji8633/wudi8633/frontend/node_modules/vite/dist/node/chunks/dep-BK3b2jBa.js:49253:16)
      at normalizeUrl (file:///f:/kelaode/Data/Agents/zhongji8633/wudi8633/frontend/node_modules/vite/dist/node/chunks/dep-BK3b2jBa.js:64307:23)
      at process.processTicksAndRejections (node:internal/process/task_queues:103:5)
      at async file:///f:/kelaode/Data/Agents/zhongji8633/wudi8633/frontend/node_modules/vite/dist/node/chunks/dep-BK3b2jBa.js:64439:39
      at async Promise.all (index 4)
      at async TransformPluginContext.transform (file:///f:/kelaode/Data/Agents/zhongji8633/wudi8633/frontend/node_modules/vite/dist/node/chunks/dep-BK3b2jBa.js:64366:7)
      at async PluginContainer.transform (file:///f:/kelaode/Data/Agents/zhongji8633/wudi8633/frontend/node_modules/vite/dist/node/chunks/dep-BK3b2jBa.js:49099:18)
      at async loadAndTransform (file:///f:/kelaode/Data/Agents/zhongji8633/wudi8633/frontend/node_modules/vite/dist/node/chunks/dep-BK3b2jBa.js:51978:27)
[2m16:50:09[22m [31m[1m[vite][22m[39m Pre-transform error: Failed to resolve import "../api" from "src/components/study/StudyShelfView.tsx". Does the file exist?
[2m16:50:10[22m [31m[1m[vite][22m[39m [31mInternal server error: Failed to resolve import "../api" from "src/components/study/StudyShelfView.tsx". Does the file exist?[39m
  Plugin: [35mvite:import-analysis[39m
  File: [36mF:/kelaode/Data/Agents/zhongji8633/wudi8633/frontend/src/components/study/StudyShelfView.tsx[39m:22:7
[33m  24 |    getBookDashboard,
  25 |    createStudyMaterial
  26 |  } from "../api";
     |          ^
  27 |  export function StudyShelfView() {
  28 |    _s();[39m
      at TransformPluginContext._formatError (file:///f:/kelaode/Data/Agents/zhongji8633/wudi8633/frontend/node_modules/vite/dist/node/chunks/dep-BK3b2jBa.js:49258:41)
      at TransformPluginContext.error (file:///f:/kelaode/Data/Agents/zhongji8633/wudi8633/frontend/node_modules/vite/dist/node/chunks/dep-BK3b2jBa.js:49253:16)
      at normalizeUrl (file:///f:/kelaode/Data/Agents/zhongji8633/wudi8633/frontend/node_modules/vite/dist/node/chunks/dep-BK3b2jBa.js:64307:23)
      at process.processTicksAndRejections (node:internal/process/task_queues:103:5)
      at async file:///f:/kelaode/Data/Agents/zhongji8633/wudi8633/frontend/node_modules/vite/dist/node/chunks/dep-BK3b2jBa.js:64439:39
      at async Promise.all (index 4)
      at async TransformPluginContext.transform (file:///f:/kelaode/Data/Agents/zhongji8633/wudi8633/frontend/node_modules/vite/dist/node/chunks/dep-BK3b2jBa.js:64366:7)
      at async PluginContainer.transform (file:///f:/kelaode/Data/Agents/zhongji8633/wudi8633/frontend/node_modules/vite/dist/node/chunks/dep-BK3b2jBa.js:49099:18)
      at async loadAndTransform (file:///f:/kelaode/Data/Agents/zhongji8633/wudi8633/frontend/node_modules/vite/dist/node/chunks/dep-BK3b2jBa.js:51978:27)
      at async viteTransformMiddleware (file:///f:/kelaode/Data/Agents/zhongji8633/wudi8633/frontend/node_modules/vite/dist/node/chunks/dep-BK3b2jBa.js:62106:24)
[2m16:51:27[22m [31m[1m[vite][22m[39m [31mInternal server error: Failed to resolve import "../api" from "src/components/study/StudyShelfView.tsx". Does the file exist?[39m
  Plugin: [35mvite:import-analysis[39m
  File: [36mF:/kelaode/Data/Agents/zhongji8633/wudi8633/frontend/src/components/study/StudyShelfView.tsx[39m:22:7
[33m  24 |    getBookDashboard,
  25 |    createStudyMaterial
  26 |  } from "../api";
     |          ^
  27 |  export function StudyShelfView() {
  28 |    _s();[39m
      at TransformPluginContext._formatError (file:///f:/kelaode/Data/Agents/zhongji8633/wudi8633/frontend/node_modules/vite/dist/node/chunks/dep-BK3b2jBa.js:49258:41)
      at TransformPluginContext.error (file:///f:/kelaode/Data/Agents/zhongji8633/wudi8633/frontend/node_modules/vite/dist/node/chunks/dep-BK3b2jBa.js:49253:16)
      at normalizeUrl (file:///f:/kelaode/Data/Agents/zhongji8633/wudi8633/frontend/node_modules/vite/dist/node/chunks/dep-BK3b2jBa.js:64307:23)
      at process.processTicksAndRejections (node:internal/process/task_queues:103:5)
      at async file:///f:/kelaode/Data/Agents/zhongji8633/wudi8633/frontend/node_modules/vite/dist/node/chunks/dep-BK3b2jBa.js:64439:39
      at async Promise.all (index 4)
      at async TransformPluginContext.transform (file:///f:/kelaode/Data/Agents/zhongji8633/wudi8633/frontend/node_modules/vite/dist/node/chunks/dep-BK3b2jBa.js:64366:7)
      at async PluginContainer.transform (file:///f:/kelaode/Data/Agents/zhongji8633/wudi8633/frontend/node_modules/vite/dist/node/chunks/dep-BK3b2jBa.js:49099:18)
      at async loadAndTransform (file:///f:/kelaode/Data/Agents/zhongji8633/wudi8633/frontend/node_modules/vite/dist/node/chunks/dep-BK3b2jBa.js:51978:27)
      at async viteTransformMiddleware (file:///f:/kelaode/Data/Agents/zhongji8633/wudi8633/frontend/node_modules/vite/dist/node/chunks/dep-BK3b2jBa.js:62106:24)
[2m16:53:27[22m [31m[1m[vite][22m[39m [31mInternal server error: Failed to resolve import "../api" from "src/components/study/StudyShelfView.tsx". Does the file exist?[39m
  Plugin: [35mvite:import-analysis[39m
  File: [36mF:/kelaode/Data/Agents/zhongji8633/wudi8633/frontend/src/components/study/StudyShelfView.tsx[39m:22:7
[33m  24 |    getBookDashboard,
  25 |    createStudyMaterial
  26 |  } from "../api";
     |          ^
  27 |  export function StudyShelfView() {
  28 |    _s();[39m
      at TransformPluginContext._formatError (file:///f:/kelaode/Data/Agents/zhongji8633/wudi8633/frontend/node_modules/vite/dist/node/chunks/dep-BK3b2jBa.js:49258:41)
      at TransformPluginContext.error (file:///f:/kelaode/Data/Agents/zhongji8633/wudi8633/frontend/node_modules/vite/dist/node/chunks/dep-BK3b2jBa.js:49253:16)
      at normalizeUrl (file:///f:/kelaode/Data/Agents/zhongji8633/wudi8633/frontend/node_modules/vite/dist/node/chunks/dep-BK3b2jBa.js:64307:23)
      at process.processTicksAndRejections (node:internal/process/task_queues:103:5)
      at async file:///f:/kelaode/Data/Agents/zhongji8633/wudi8633/frontend/node_modules/vite/dist/node/chunks/dep-BK3b2jBa.js:64439:39
      at async Promise.all (index 4)
      at async TransformPluginContext.transform (file:///f:/kelaode/Data/Agents/zhongji8633/wudi8633/frontend/node_modules/vite/dist/node/chunks/dep-BK3b2jBa.js:64366:7)
      at async PluginContainer.transform (file:///f:/kelaode/Data/Agents/zhongji8633/wudi8633/frontend/node_modules/vite/dist/node/chunks/dep-BK3b2jBa.js:49099:18)
      at async loadAndTransform (file:///f:/kelaode/Data/Agents/zhongji8633/wudi8633/frontend/node_modules/vite/dist/node/chunks/dep-BK3b2jBa.js:51978:27)
      at async viteTransformMiddleware (file:///f:/kelaode/Data/Agents/zhongji8633/wudi8633/frontend/node_modules/vite/dist/node/chunks/dep-BK3b2jBa.js:62106:24)
[2m16:54:30[22m [31m[1m[vite][22m[39m [31mInternal server error: Failed to resolve import "../api" from "src/components/study/StudyShelfView.tsx". Does the file exist?[39m
  Plugin: [35mvite:import-analysis[39m
  File: [36mF:/kelaode/Data/Agents/zhongji8633/wudi8633/frontend/src/components/study/StudyShelfView.tsx[39m:22:7
[33m  24 |    getBookDashboard,
  25 |    createStudyMaterial
  26 |  } from "../api";
     |          ^
  27 |  export function StudyShelfView() {
  28 |    _s();[39m
      at TransformPluginContext._formatError (file:///f:/kelaode/Data/Agents/zhongji8633/wudi8633/frontend/node_modules/vite/dist/node/chunks/dep-BK3b2jBa.js:49258:41)
      at TransformPluginContext.error (file:///f:/kelaode/Data/Agents/zhongji8633/wudi8633/frontend/node_modules/vite/dist/node/chunks/dep-BK3b2jBa.js:49253:16)
      at normalizeUrl (file:///f:/kelaode/Data/Agents/zhongji8633/wudi8633/frontend/node_modules/vite/dist/node/chunks/dep-BK3b2jBa.js:64307:23)
      at process.processTicksAndRejections (node:internal/process/task_queues:103:5)
      at async file:///f:/kelaode/Data/Agents/zhongji8633/wudi8633/frontend/node_modules/vite/dist/node/chunks/dep-BK3b2jBa.js:64439:39
      at async Promise.all (index 4)
      at async TransformPluginContext.transform (file:///f:/kelaode/Data/Agents/zhongji8633/wudi8633/frontend/node_modules/vite/dist/node/chunks/dep-BK3b2jBa.js:64366:7)
      at async PluginContainer.transform (file:///f:/kelaode/Data/Agents/zhongji8633/wudi8633/frontend/node_modules/vite/dist/node/chunks/dep-BK3b2jBa.js:49099:18)
      at async loadAndTransform (file:///f:/kelaode/Data/Agents/zhongji8633/wudi8633/frontend/node_modules/vite/dist/node/chunks/dep-BK3b2jBa.js:51978:27)
      at async viteTransformMiddleware (file:///f:/kelaode/Data/Agents/zhongji8633/wudi8633/frontend/node_modules/vite/dist/node/chunks/dep-BK3b2jBa.js:62106:24)
